// Jest Snapshot v1, https://goo.gl/fbAQLP

exports[`renders guide component 1`] = `
<div>
  <article
    class="guideContainer"
  >
    <div
      aria-label="guide text box"
      class="guideText"
    >
      <p>
        test-text
      </p>
    </div>
    <img
      alt="lion"
      aria-label="user guide"
      class="guideImg"
      src="/icons/lion.png"
    />
  </article>
</div>
`;
