// Jest Snapshot v1, https://goo.gl/fbAQLP

exports[`renders guide component 1`] = `
<div>
  <article>
    <div
      aria-label="guide text box"
    >
      <pre>
        test-text
      </pre>
    </div>
    <img
      alt="lion"
      aria-label="user guide"
      src="/icons/lion.png"
    />
  </article>
</div>
`;
