// Jest Snapshot v1, https://goo.gl/fbAQLP

exports[`renders layout component 1`] = `
<div>
  <div>
    <header
      style="opacity: 0; transform: translateY(-100vh) translateZ(0);"
    >
      <a
        href="/"
      >
        <h1>
          ask xem
        </h1>
      </a>
      <article>
        <a
          href="/login"
        >
          Login
        </a>
      </article>
    </header>
  </div>
</div>
`;
